
> my-v0-project@0.1.0 build
> next build

node.exe : [baseline-browser-mapping] The data in this module is over two months old.  To ensure 
accurate Baseline data, please update: `npm i baseline-browser-mapping@latest -D`
At line:1 char:1
+ & "C:\Program Files\nodejs/node.exe" "C:\Program Files\nodejs/node_mo ...
+ ~~~~~~~~~~~~~~~~~~~~~~~~~~~~~~~~~~~~~~~~~~~~~~~~~~~~~~~~~~~~~~~~~~~~~
    + CategoryInfo          : NotSpecified: ([baseline-brows...ping@latest -D`:String) [], RemoteEx 
   ception
    + FullyQualifiedErrorId : NativeCommandError
 
   Γû▓ Next.js 16.0.3 (Turbopack)

   Creating an optimized production build ...
[baseline-browser-mapping] The data in this module is over two months old.  To ensure accurate 
Baseline data, please update: `npm i baseline-browser-mapping@latest -D`
 Γ£ô Compiled successfully in 10.4s
   Running TypeScript ...
   Collecting page data using 3 workers ...
[baseline-browser-mapping] The data in this module is over two months old.  To ensure accurate 
Baseline data, please update: `npm i baseline-browser-mapping@latest -D`
[baseline-browser-mapping] The data in this module is over two months old.  To ensure accurate 
Baseline data, please update: `npm i baseline-browser-mapping@latest -D`
[baseline-browser-mapping] The data in this module is over two months old.  To ensure accurate 
Baseline data, please update: `npm i baseline-browser-mapping@latest -D`
   Generating static pages using 3 workers (0/41) ...
[baseline-browser-mapping] The data in this module is over two months old.  To ensure accurate 
Baseline data, please update: `npm i baseline-browser-mapping@latest -D`
[baseline-browser-mapping] The data in this module is over two months old.  To ensure accurate 
Baseline data, please update: `npm i baseline-browser-mapping@latest -D`
   Generating static pages using 3 workers (10/41) 
ReferenceError: location is not defined
    at ar (C:\Users\User\OneDrive\Desktop\Nateng\UserAccounts\Nateng\nateng\.next\server\chunks\ssr\
app_buyer_checkout_page_tsx_48db8e94._.js:1:9840)
   Generating static pages using 3 workers (20/41) 
   Generating static pages using 3 workers (30/41) 
 Γ£ô Generating static pages using 3 workers (41/41) in 4.1s
   Finalizing page optimization ...

Route (app)
Γöî Γùï /
Γö£ Γùï /_not-found
Γö£ ╞Æ /api/health
Γö£ ╞Æ /api/listings
Γö£ ╞Æ /api/listings/[id]
Γö£ ╞Æ /api/orders
Γö£ ╞Æ /api/orders/[id]
Γö£ ╞Æ /api/products
Γö£ ╞Æ /api/products/[id]
Γö£ ╞Æ /api/test
Γö£ ╞Æ /api/users
Γö£ ╞Æ /api/users/[id]
Γö£ Γùï /business/browse
Γö£ Γùï /business/dashboard
Γö£ Γùï /business/inventory
Γö£ Γùï /business/orders
Γö£ Γùï /business/settings
Γö£ Γùï /buyer/cart
Γö£ Γùï /buyer/checkout
Γö£ Γùï /buyer/dashboard
Γö£ Γùï /buyer/favorites
Γö£ Γùï /buyer/orders
Γö£ Γùï /buyer/settings
Γö£ Γùï /farmer/analytics
Γö£ Γùï /farmer/crops
Γö£ Γùï /farmer/dashboard
Γö£ Γùï /farmer/orders
Γö£ Γùï /farmer/settings
Γö£ Γùï /login
Γö£ Γùï /reseller/dashboard
Γö£ Γùï /reseller/inventory
Γö£ Γùï /reseller/orders
Γö£ Γùï /reseller/sales
Γö£ Γùï /reseller/settings
Γö£ Γùï /reseller/wholesale
Γö£ Γùï /signup
Γö£ Γùï /signup/business
Γö£ Γùï /signup/buyer
Γö£ Γùï /signup/farmer
Γö£ Γùï /signup/reseller
Γö£ Γùï /splash
Γö£ Γùï /splash/buyer
Γö£ Γùï /splash/farmer
Γöö Γùï /splash/market


Γùï  (Static)   prerendered as static content
╞Æ  (Dynamic)  server-rendered on demand

